// Jest Snapshot v1, https://goo.gl/fbAQLP

exports[`should render header component 1`] = `
<header>
  <h1>
    Expensify
  </h1>
  <[object Object]
    activeClassName="is-active"
    exact={true}
    to="/"
  >
    DashboardExpensepage
  </[object Object]>
  <[object Object]
    activeClassName="is-active"
    to="/create"
  >
    AddExpensePage
  </[object Object]>
  <button
    onClick={[Function]}
  >
    Logout
  </button>
</header>
`;
